node : C:\Users\Rohit M\De
sktop\TravelMate\server\no
de_modules\router\lib\rout
e.js:228
At line:1 char:1
+ node index.js 2> 
error_log.txt
+ ~~~~~~~~~~~~~~~~~~~~~~~~
~~~~~~
    + CategoryInfo        
      : NotSpecified: (C  
  :\Users\Rohit ...ib\r   
 oute.js:228:String) [    
], RemoteException
    + FullyQualifiedError 
   Id : NativeCommandErr  
  or
 
        throw new 
TypeError('argument 
handler must be a 
function')
        ^

TypeError: argument 
handler must be a function
    at Route.<computed> 
[as post] (C:\Users\Rohit 
M\Desktop\TravelMate\serve
r\node_modules\router\lib\
route.js:228:15)
    at Router.<computed> 
[as post] (C:\Users\Rohit 
M\Desktop\TravelMate\serve
r\node_modules\router\inde
x.js:448:19)
    at Object.<anonymous> 
(C:\Users\Rohit M\Desktop\
TravelMate\server\routes\b
ookingRoutes.js:19:8)
    at Module._compile (no
de:internal/modules/cjs/lo
ader:1761:14)
    at Object..js (node:in
ternal/modules/cjs/loader:
1893:10)
    at Module.load (node:i
nternal/modules/cjs/loader
:1481:32)
    at Module._load (node:
internal/modules/cjs/loade
r:1300:12)
    at 
TracingChannel.traceSync (
node:diagnostics_channel:3
28:14)
    at wrapModuleLoad (nod
e:internal/modules/cjs/loa
der:245:24)
    at Module.require (nod
e:internal/modules/cjs/loa
der:1504:12)

Node.js v24.13.0
